// Jest Snapshot v1, https://goo.gl/fbAQLP

exports[`<PaginationNumber />  render the component correctly 1`] = `
<Provider
  store={
    Object {
      "dispatch": [Function],
      "getState": [Function],
      "replaceReducer": [Function],
      "subscribe": [Function],
      Symbol(observable): [Function],
    }
  }
>
  <ThemeProvider>
    <StaticRouter
      context={Object {}}
    >
      <Router
        history={
          Object {
            "action": "POP",
            "block": [Function],
            "createHref": [Function],
            "go": [Function],
            "goBack": [Function],
            "goForward": [Function],
            "listen": [Function],
            "location": Object {
              "hash": "",
              "pathname": "/",
              "search": "",
              "state": undefined,
            },
            "push": [Function],
            "replace": [Function],
          }
        }
        staticContext={Object {}}
      >
        <PaginationNumber
          boundaryCount={6}
          closeDrawer={[MockFunction]}
          count={70}
          label="sdfdsfd"
          maxCount={6}
          numOfPages={1}
          onChange={[MockFunction]}
          page={0}
          rowsPerPage={5}
        >
          <div
            className="paginationNumber"
          >
            <WithStyles(ForwardRef(ButtonGroup))
              aria-label="text primary button group"
              classes={
                Object {
                  "root": "paginationPanel",
                }
              }
              color="primary"
              variant="text"
            >
              <ForwardRef(ButtonGroup)
                aria-label="text primary button group"
                classes={
                  Object {
                    "contained": "MuiButtonGroup-contained",
                    "disabled": "Mui-disabled",
                    "fullWidth": "MuiButtonGroup-fullWidth",
                    "grouped": "MuiButtonGroup-grouped",
                    "groupedContained": "MuiButtonGroup-groupedContained",
                    "groupedContainedHorizontal": "MuiButtonGroup-groupedContainedHorizontal",
                    "groupedContainedPrimary": "MuiButtonGroup-groupedContainedPrimary",
                    "groupedContainedSecondary": "MuiButtonGroup-groupedContainedSecondary",
                    "groupedContainedVertical": "MuiButtonGroup-groupedContainedVertical",
                    "groupedHorizontal": "MuiButtonGroup-groupedHorizontal",
                    "groupedOutlined": "MuiButtonGroup-groupedOutlined",
                    "groupedOutlinedHorizontal": "MuiButtonGroup-groupedOutlinedHorizontal",
                    "groupedOutlinedPrimary": "MuiButtonGroup-groupedOutlinedPrimary",
                    "groupedOutlinedSecondary": "MuiButtonGroup-groupedOutlinedSecondary",
                    "groupedOutlinedVertical": "MuiButtonGroup-groupedOutlinedVertical",
                    "groupedText": "MuiButtonGroup-groupedText",
                    "groupedTextHorizontal": "MuiButtonGroup-groupedTextHorizontal",
                    "groupedTextPrimary": "MuiButtonGroup-groupedTextPrimary",
                    "groupedTextSecondary": "MuiButtonGroup-groupedTextSecondary",
                    "groupedTextVertical": "MuiButtonGroup-groupedTextVertical",
                    "groupedVertical": "MuiButtonGroup-groupedVertical",
                    "root": "MuiButtonGroup-root paginationPanel",
                    "vertical": "MuiButtonGroup-vertical",
                  }
                }
                color="primary"
                variant="text"
              >
                <div
                  aria-label="text primary button group"
                  className="MuiButtonGroup-root paginationPanel"
                  role="group"
                >
                  <WithStyles(ForwardRef(Button))
                    aria-label="Go to page 1"
                    className="MuiButtonGroup-grouped MuiButtonGroup-groupedHorizontal MuiButtonGroup-groupedText MuiButtonGroup-groupedTextHorizontal MuiButtonGroup-groupedTextPrimary"
                    classes={
                      Object {
                        "label": "paginationLabel",
                        "root": "selected",
                      }
                    }
                    color="primary"
                    disableFocusRipple={false}
                    disableRipple={false}
                    disabled={false}
                    fullWidth={false}
                    key=".$0"
                    onClick={[Function]}
                    size="medium"
                    variant="text"
                  >
                    <ForwardRef(Button)
                      aria-label="Go to page 1"
                      className="MuiButtonGroup-grouped MuiButtonGroup-groupedHorizontal MuiButtonGroup-groupedText MuiButtonGroup-groupedTextHorizontal MuiButtonGroup-groupedTextPrimary"
                      classes={
                        Object {
                          "colorInherit": "MuiButton-colorInherit",
                          "contained": "MuiButton-contained",
                          "containedPrimary": "MuiButton-containedPrimary",
                          "containedSecondary": "MuiButton-containedSecondary",
                          "containedSizeLarge": "MuiButton-containedSizeLarge",
                          "containedSizeSmall": "MuiButton-containedSizeSmall",
                          "disableElevation": "MuiButton-disableElevation",
                          "disabled": "Mui-disabled",
                          "endIcon": "MuiButton-endIcon",
                          "focusVisible": "Mui-focusVisible",
                          "fullWidth": "MuiButton-fullWidth",
                          "iconSizeLarge": "MuiButton-iconSizeLarge",
                          "iconSizeMedium": "MuiButton-iconSizeMedium",
                          "iconSizeSmall": "MuiButton-iconSizeSmall",
                          "label": "MuiButton-label paginationLabel",
                          "outlined": "MuiButton-outlined",
                          "outlinedPrimary": "MuiButton-outlinedPrimary",
                          "outlinedSecondary": "MuiButton-outlinedSecondary",
                          "outlinedSizeLarge": "MuiButton-outlinedSizeLarge",
                          "outlinedSizeSmall": "MuiButton-outlinedSizeSmall",
                          "root": "MuiButton-root selected",
                          "sizeLarge": "MuiButton-sizeLarge",
                          "sizeSmall": "MuiButton-sizeSmall",
                          "startIcon": "MuiButton-startIcon",
                          "text": "MuiButton-text",
                          "textPrimary": "MuiButton-textPrimary",
                          "textSecondary": "MuiButton-textSecondary",
                          "textSizeLarge": "MuiButton-textSizeLarge",
                          "textSizeSmall": "MuiButton-textSizeSmall",
                        }
                      }
                      color="primary"
                      disableFocusRipple={false}
                      disableRipple={false}
                      disabled={false}
                      fullWidth={false}
                      onClick={[Function]}
                      size="medium"
                      variant="text"
                    >
                      <WithStyles(ForwardRef(ButtonBase))
                        aria-label="Go to page 1"
                        className="MuiButton-root selected MuiButton-text MuiButtonGroup-grouped MuiButtonGroup-groupedHorizontal MuiButtonGroup-groupedText MuiButtonGroup-groupedTextHorizontal MuiButtonGroup-groupedTextPrimary MuiButton-textPrimary"
                        component="button"
                        disableRipple={false}
                        disabled={false}
                        focusRipple={true}
                        focusVisibleClassName="Mui-focusVisible"
                        onClick={[Function]}
                        type="button"
                      >
                        <ForwardRef(ButtonBase)
                          aria-label="Go to page 1"
                          className="MuiButton-root selected MuiButton-text MuiButtonGroup-grouped MuiButtonGroup-groupedHorizontal MuiButtonGroup-groupedText MuiButtonGroup-groupedTextHorizontal MuiButtonGroup-groupedTextPrimary MuiButton-textPrimary"
                          classes={
                            Object {
                              "disabled": "Mui-disabled",
                              "focusVisible": "Mui-focusVisible",
                              "root": "MuiButtonBase-root",
                            }
                          }
                          component="button"
                          disableRipple={false}
                          disabled={false}
                          focusRipple={true}
                          focusVisibleClassName="Mui-focusVisible"
                          onClick={[Function]}
                          type="button"
                        >
                          <button
                            aria-label="Go to page 1"
                            className="MuiButtonBase-root MuiButton-root selected MuiButton-text MuiButtonGroup-grouped MuiButtonGroup-groupedHorizontal MuiButtonGroup-groupedText MuiButtonGroup-groupedTextHorizontal MuiButtonGroup-groupedTextPrimary MuiButton-textPrimary"
                            disabled={false}
                            onBlur={[Function]}
                            onClick={[Function]}
                            onDragLeave={[Function]}
                            onFocus={[Function]}
                            onKeyDown={[Function]}
                            onKeyUp={[Function]}
                            onMouseDown={[Function]}
                            onMouseLeave={[Function]}
                            onMouseUp={[Function]}
                            onTouchEnd={[Function]}
                            onTouchMove={[Function]}
                            onTouchStart={[Function]}
                            tabIndex={0}
                            type="button"
                          >
                            <span
                              className="MuiButton-label paginationLabel"
                            >
                              1
                            </span>
                            <NoSsr>
                              <WithStyles(memo)
                                center={false}
                              >
                                <ForwardRef(TouchRipple)
                                  center={false}
                                  classes={
                                    Object {
                                      "child": "MuiTouchRipple-child",
                                      "childLeaving": "MuiTouchRipple-childLeaving",
                                      "childPulsate": "MuiTouchRipple-childPulsate",
                                      "ripple": "MuiTouchRipple-ripple",
                                      "ripplePulsate": "MuiTouchRipple-ripplePulsate",
                                      "rippleVisible": "MuiTouchRipple-rippleVisible",
                                      "root": "MuiTouchRipple-root",
                                    }
                                  }
                                >
                                  <span
                                    className="MuiTouchRipple-root"
                                  >
                                    <TransitionGroup
                                      childFactory={[Function]}
                                      component={null}
                                      exit={true}
                                    />
                                  </span>
                                </ForwardRef(TouchRipple)>
                              </WithStyles(memo)>
                            </NoSsr>
                          </button>
                        </ForwardRef(ButtonBase)>
                      </WithStyles(ForwardRef(ButtonBase))>
                    </ForwardRef(Button)>
                  </WithStyles(ForwardRef(Button))>
                  <WithStyles(ForwardRef(Button))
                    aria-label="Go to page 2"
                    className="MuiButtonGroup-grouped MuiButtonGroup-groupedHorizontal MuiButtonGroup-groupedText MuiButtonGroup-groupedTextHorizontal MuiButtonGroup-groupedTextPrimary"
                    classes={
                      Object {
                        "label": "paginationLabel",
                        "root": "paginationWrapper",
                      }
                    }
                    color="primary"
                    disableFocusRipple={false}
                    disableRipple={false}
                    disabled={false}
                    fullWidth={false}
                    key=".$1"
                    onClick={[Function]}
                    size="medium"
                    variant="text"
                  >
                    <ForwardRef(Button)
                      aria-label="Go to page 2"
                      className="MuiButtonGroup-grouped MuiButtonGroup-groupedHorizontal MuiButtonGroup-groupedText MuiButtonGroup-groupedTextHorizontal MuiButtonGroup-groupedTextPrimary"
                      classes={
                        Object {
                          "colorInherit": "MuiButton-colorInherit",
                          "contained": "MuiButton-contained",
                          "containedPrimary": "MuiButton-containedPrimary",
                          "containedSecondary": "MuiButton-containedSecondary",
                          "containedSizeLarge": "MuiButton-containedSizeLarge",
                          "containedSizeSmall": "MuiButton-containedSizeSmall",
                          "disableElevation": "MuiButton-disableElevation",
                          "disabled": "Mui-disabled",
                          "endIcon": "MuiButton-endIcon",
                          "focusVisible": "Mui-focusVisible",
                          "fullWidth": "MuiButton-fullWidth",
                          "iconSizeLarge": "MuiButton-iconSizeLarge",
                          "iconSizeMedium": "MuiButton-iconSizeMedium",
                          "iconSizeSmall": "MuiButton-iconSizeSmall",
                          "label": "MuiButton-label paginationLabel",
                          "outlined": "MuiButton-outlined",
                          "outlinedPrimary": "MuiButton-outlinedPrimary",
                          "outlinedSecondary": "MuiButton-outlinedSecondary",
                          "outlinedSizeLarge": "MuiButton-outlinedSizeLarge",
                          "outlinedSizeSmall": "MuiButton-outlinedSizeSmall",
                          "root": "MuiButton-root paginationWrapper",
                          "sizeLarge": "MuiButton-sizeLarge",
                          "sizeSmall": "MuiButton-sizeSmall",
                          "startIcon": "MuiButton-startIcon",
                          "text": "MuiButton-text",
                          "textPrimary": "MuiButton-textPrimary",
                          "textSecondary": "MuiButton-textSecondary",
                          "textSizeLarge": "MuiButton-textSizeLarge",
                          "textSizeSmall": "MuiButton-textSizeSmall",
                        }
                      }
                      color="primary"
                      disableFocusRipple={false}
                      disableRipple={false}
                      disabled={false}
                      fullWidth={false}
                      onClick={[Function]}
                      size="medium"
                      variant="text"
                    >
                      <WithStyles(ForwardRef(ButtonBase))
                        aria-label="Go to page 2"
                        className="MuiButton-root paginationWrapper MuiButton-text MuiButtonGroup-grouped MuiButtonGroup-groupedHorizontal MuiButtonGroup-groupedText MuiButtonGroup-groupedTextHorizontal MuiButtonGroup-groupedTextPrimary MuiButton-textPrimary"
                        component="button"
                        disableRipple={false}
                        disabled={false}
                        focusRipple={true}
                        focusVisibleClassName="Mui-focusVisible"
                        onClick={[Function]}
                        type="button"
                      >
                        <ForwardRef(ButtonBase)
                          aria-label="Go to page 2"
                          className="MuiButton-root paginationWrapper MuiButton-text MuiButtonGroup-grouped MuiButtonGroup-groupedHorizontal MuiButtonGroup-groupedText MuiButtonGroup-groupedTextHorizontal MuiButtonGroup-groupedTextPrimary MuiButton-textPrimary"
                          classes={
                            Object {
                              "disabled": "Mui-disabled",
                              "focusVisible": "Mui-focusVisible",
                              "root": "MuiButtonBase-root",
                            }
                          }
                          component="button"
                          disableRipple={false}
                          disabled={false}
                          focusRipple={true}
                          focusVisibleClassName="Mui-focusVisible"
                          onClick={[Function]}
                          type="button"
                        >
                          <button
                            aria-label="Go to page 2"
                            className="MuiButtonBase-root MuiButton-root paginationWrapper MuiButton-text MuiButtonGroup-grouped MuiButtonGroup-groupedHorizontal MuiButtonGroup-groupedText MuiButtonGroup-groupedTextHorizontal MuiButtonGroup-groupedTextPrimary MuiButton-textPrimary"
                            disabled={false}
                            onBlur={[Function]}
                            onClick={[Function]}
                            onDragLeave={[Function]}
                            onFocus={[Function]}
                            onKeyDown={[Function]}
                            onKeyUp={[Function]}
                            onMouseDown={[Function]}
                            onMouseLeave={[Function]}
                            onMouseUp={[Function]}
                            onTouchEnd={[Function]}
                            onTouchMove={[Function]}
                            onTouchStart={[Function]}
                            tabIndex={0}
                            type="button"
                          >
                            <span
                              className="MuiButton-label paginationLabel"
                            >
                              2
                            </span>
                            <NoSsr>
                              <WithStyles(memo)
                                center={false}
                              >
                                <ForwardRef(TouchRipple)
                                  center={false}
                                  classes={
                                    Object {
                                      "child": "MuiTouchRipple-child",
                                      "childLeaving": "MuiTouchRipple-childLeaving",
                                      "childPulsate": "MuiTouchRipple-childPulsate",
                                      "ripple": "MuiTouchRipple-ripple",
                                      "ripplePulsate": "MuiTouchRipple-ripplePulsate",
                                      "rippleVisible": "MuiTouchRipple-rippleVisible",
                                      "root": "MuiTouchRipple-root",
                                    }
                                  }
                                >
                                  <span
                                    className="MuiTouchRipple-root"
                                  >
                                    <TransitionGroup
                                      childFactory={[Function]}
                                      component={null}
                                      exit={true}
                                    />
                                  </span>
                                </ForwardRef(TouchRipple)>
                              </WithStyles(memo)>
                            </NoSsr>
                          </button>
                        </ForwardRef(ButtonBase)>
                      </WithStyles(ForwardRef(ButtonBase))>
                    </ForwardRef(Button)>
                  </WithStyles(ForwardRef(Button))>
                  <WithStyles(ForwardRef(Button))
                    aria-label="Go to page 3"
                    className="MuiButtonGroup-grouped MuiButtonGroup-groupedHorizontal MuiButtonGroup-groupedText MuiButtonGroup-groupedTextHorizontal MuiButtonGroup-groupedTextPrimary"
                    classes={
                      Object {
                        "label": "paginationLabel",
                        "root": "paginationWrapper",
                      }
                    }
                    color="primary"
                    disableFocusRipple={false}
                    disableRipple={false}
                    disabled={false}
                    fullWidth={false}
                    key=".$2"
                    onClick={[Function]}
                    size="medium"
                    variant="text"
                  >
                    <ForwardRef(Button)
                      aria-label="Go to page 3"
                      className="MuiButtonGroup-grouped MuiButtonGroup-groupedHorizontal MuiButtonGroup-groupedText MuiButtonGroup-groupedTextHorizontal MuiButtonGroup-groupedTextPrimary"
                      classes={
                        Object {
                          "colorInherit": "MuiButton-colorInherit",
                          "contained": "MuiButton-contained",
                          "containedPrimary": "MuiButton-containedPrimary",
                          "containedSecondary": "MuiButton-containedSecondary",
                          "containedSizeLarge": "MuiButton-containedSizeLarge",
                          "containedSizeSmall": "MuiButton-containedSizeSmall",
                          "disableElevation": "MuiButton-disableElevation",
                          "disabled": "Mui-disabled",
                          "endIcon": "MuiButton-endIcon",
                          "focusVisible": "Mui-focusVisible",
                          "fullWidth": "MuiButton-fullWidth",
                          "iconSizeLarge": "MuiButton-iconSizeLarge",
                          "iconSizeMedium": "MuiButton-iconSizeMedium",
                          "iconSizeSmall": "MuiButton-iconSizeSmall",
                          "label": "MuiButton-label paginationLabel",
                          "outlined": "MuiButton-outlined",
                          "outlinedPrimary": "MuiButton-outlinedPrimary",
                          "outlinedSecondary": "MuiButton-outlinedSecondary",
                          "outlinedSizeLarge": "MuiButton-outlinedSizeLarge",
                          "outlinedSizeSmall": "MuiButton-outlinedSizeSmall",
                          "root": "MuiButton-root paginationWrapper",
                          "sizeLarge": "MuiButton-sizeLarge",
                          "sizeSmall": "MuiButton-sizeSmall",
                          "startIcon": "MuiButton-startIcon",
                          "text": "MuiButton-text",
                          "textPrimary": "MuiButton-textPrimary",
                          "textSecondary": "MuiButton-textSecondary",
                          "textSizeLarge": "MuiButton-textSizeLarge",
                          "textSizeSmall": "MuiButton-textSizeSmall",
                        }
                      }
                      color="primary"
                      disableFocusRipple={false}
                      disableRipple={false}
                      disabled={false}
                      fullWidth={false}
                      onClick={[Function]}
                      size="medium"
                      variant="text"
                    >
                      <WithStyles(ForwardRef(ButtonBase))
                        aria-label="Go to page 3"
                        className="MuiButton-root paginationWrapper MuiButton-text MuiButtonGroup-grouped MuiButtonGroup-groupedHorizontal MuiButtonGroup-groupedText MuiButtonGroup-groupedTextHorizontal MuiButtonGroup-groupedTextPrimary MuiButton-textPrimary"
                        component="button"
                        disableRipple={false}
                        disabled={false}
                        focusRipple={true}
                        focusVisibleClassName="Mui-focusVisible"
                        onClick={[Function]}
                        type="button"
                      >
                        <ForwardRef(ButtonBase)
                          aria-label="Go to page 3"
                          className="MuiButton-root paginationWrapper MuiButton-text MuiButtonGroup-grouped MuiButtonGroup-groupedHorizontal MuiButtonGroup-groupedText MuiButtonGroup-groupedTextHorizontal MuiButtonGroup-groupedTextPrimary MuiButton-textPrimary"
                          classes={
                            Object {
                              "disabled": "Mui-disabled",
                              "focusVisible": "Mui-focusVisible",
                              "root": "MuiButtonBase-root",
                            }
                          }
                          component="button"
                          disableRipple={false}
                          disabled={false}
                          focusRipple={true}
                          focusVisibleClassName="Mui-focusVisible"
                          onClick={[Function]}
                          type="button"
                        >
                          <button
                            aria-label="Go to page 3"
                            className="MuiButtonBase-root MuiButton-root paginationWrapper MuiButton-text MuiButtonGroup-grouped MuiButtonGroup-groupedHorizontal MuiButtonGroup-groupedText MuiButtonGroup-groupedTextHorizontal MuiButtonGroup-groupedTextPrimary MuiButton-textPrimary"
                            disabled={false}
                            onBlur={[Function]}
                            onClick={[Function]}
                            onDragLeave={[Function]}
                            onFocus={[Function]}
                            onKeyDown={[Function]}
                            onKeyUp={[Function]}
                            onMouseDown={[Function]}
                            onMouseLeave={[Function]}
                            onMouseUp={[Function]}
                            onTouchEnd={[Function]}
                            onTouchMove={[Function]}
                            onTouchStart={[Function]}
                            tabIndex={0}
                            type="button"
                          >
                            <span
                              className="MuiButton-label paginationLabel"
                            >
                              3
                            </span>
                            <NoSsr>
                              <WithStyles(memo)
                                center={false}
                              >
                                <ForwardRef(TouchRipple)
                                  center={false}
                                  classes={
                                    Object {
                                      "child": "MuiTouchRipple-child",
                                      "childLeaving": "MuiTouchRipple-childLeaving",
                                      "childPulsate": "MuiTouchRipple-childPulsate",
                                      "ripple": "MuiTouchRipple-ripple",
                                      "ripplePulsate": "MuiTouchRipple-ripplePulsate",
                                      "rippleVisible": "MuiTouchRipple-rippleVisible",
                                      "root": "MuiTouchRipple-root",
                                    }
                                  }
                                >
                                  <span
                                    className="MuiTouchRipple-root"
                                  >
                                    <TransitionGroup
                                      childFactory={[Function]}
                                      component={null}
                                      exit={true}
                                    />
                                  </span>
                                </ForwardRef(TouchRipple)>
                              </WithStyles(memo)>
                            </NoSsr>
                          </button>
                        </ForwardRef(ButtonBase)>
                      </WithStyles(ForwardRef(ButtonBase))>
                    </ForwardRef(Button)>
                  </WithStyles(ForwardRef(Button))>
                  <WithStyles(ForwardRef(Button))
                    aria-label="Go to page 4"
                    className="MuiButtonGroup-grouped MuiButtonGroup-groupedHorizontal MuiButtonGroup-groupedText MuiButtonGroup-groupedTextHorizontal MuiButtonGroup-groupedTextPrimary"
                    classes={
                      Object {
                        "label": "paginationLabel",
                        "root": "paginationWrapper",
                      }
                    }
                    color="primary"
                    disableFocusRipple={false}
                    disableRipple={false}
                    disabled={false}
                    fullWidth={false}
                    key=".$3"
                    onClick={[Function]}
                    size="medium"
                    variant="text"
                  >
                    <ForwardRef(Button)
                      aria-label="Go to page 4"
                      className="MuiButtonGroup-grouped MuiButtonGroup-groupedHorizontal MuiButtonGroup-groupedText MuiButtonGroup-groupedTextHorizontal MuiButtonGroup-groupedTextPrimary"
                      classes={
                        Object {
                          "colorInherit": "MuiButton-colorInherit",
                          "contained": "MuiButton-contained",
                          "containedPrimary": "MuiButton-containedPrimary",
                          "containedSecondary": "MuiButton-containedSecondary",
                          "containedSizeLarge": "MuiButton-containedSizeLarge",
                          "containedSizeSmall": "MuiButton-containedSizeSmall",
                          "disableElevation": "MuiButton-disableElevation",
                          "disabled": "Mui-disabled",
                          "endIcon": "MuiButton-endIcon",
                          "focusVisible": "Mui-focusVisible",
                          "fullWidth": "MuiButton-fullWidth",
                          "iconSizeLarge": "MuiButton-iconSizeLarge",
                          "iconSizeMedium": "MuiButton-iconSizeMedium",
                          "iconSizeSmall": "MuiButton-iconSizeSmall",
                          "label": "MuiButton-label paginationLabel",
                          "outlined": "MuiButton-outlined",
                          "outlinedPrimary": "MuiButton-outlinedPrimary",
                          "outlinedSecondary": "MuiButton-outlinedSecondary",
                          "outlinedSizeLarge": "MuiButton-outlinedSizeLarge",
                          "outlinedSizeSmall": "MuiButton-outlinedSizeSmall",
                          "root": "MuiButton-root paginationWrapper",
                          "sizeLarge": "MuiButton-sizeLarge",
                          "sizeSmall": "MuiButton-sizeSmall",
                          "startIcon": "MuiButton-startIcon",
                          "text": "MuiButton-text",
                          "textPrimary": "MuiButton-textPrimary",
                          "textSecondary": "MuiButton-textSecondary",
                          "textSizeLarge": "MuiButton-textSizeLarge",
                          "textSizeSmall": "MuiButton-textSizeSmall",
                        }
                      }
                      color="primary"
                      disableFocusRipple={false}
                      disableRipple={false}
                      disabled={false}
                      fullWidth={false}
                      onClick={[Function]}
                      size="medium"
                      variant="text"
                    >
                      <WithStyles(ForwardRef(ButtonBase))
                        aria-label="Go to page 4"
                        className="MuiButton-root paginationWrapper MuiButton-text MuiButtonGroup-grouped MuiButtonGroup-groupedHorizontal MuiButtonGroup-groupedText MuiButtonGroup-groupedTextHorizontal MuiButtonGroup-groupedTextPrimary MuiButton-textPrimary"
                        component="button"
                        disableRipple={false}
                        disabled={false}
                        focusRipple={true}
                        focusVisibleClassName="Mui-focusVisible"
                        onClick={[Function]}
                        type="button"
                      >
                        <ForwardRef(ButtonBase)
                          aria-label="Go to page 4"
                          className="MuiButton-root paginationWrapper MuiButton-text MuiButtonGroup-grouped MuiButtonGroup-groupedHorizontal MuiButtonGroup-groupedText MuiButtonGroup-groupedTextHorizontal MuiButtonGroup-groupedTextPrimary MuiButton-textPrimary"
                          classes={
                            Object {
                              "disabled": "Mui-disabled",
                              "focusVisible": "Mui-focusVisible",
                              "root": "MuiButtonBase-root",
                            }
                          }
                          component="button"
                          disableRipple={false}
                          disabled={false}
                          focusRipple={true}
                          focusVisibleClassName="Mui-focusVisible"
                          onClick={[Function]}
                          type="button"
                        >
                          <button
                            aria-label="Go to page 4"
                            className="MuiButtonBase-root MuiButton-root paginationWrapper MuiButton-text MuiButtonGroup-grouped MuiButtonGroup-groupedHorizontal MuiButtonGroup-groupedText MuiButtonGroup-groupedTextHorizontal MuiButtonGroup-groupedTextPrimary MuiButton-textPrimary"
                            disabled={false}
                            onBlur={[Function]}
                            onClick={[Function]}
                            onDragLeave={[Function]}
                            onFocus={[Function]}
                            onKeyDown={[Function]}
                            onKeyUp={[Function]}
                            onMouseDown={[Function]}
                            onMouseLeave={[Function]}
                            onMouseUp={[Function]}
                            onTouchEnd={[Function]}
                            onTouchMove={[Function]}
                            onTouchStart={[Function]}
                            tabIndex={0}
                            type="button"
                          >
                            <span
                              className="MuiButton-label paginationLabel"
                            >
                              4
                            </span>
                            <NoSsr>
                              <WithStyles(memo)
                                center={false}
                              >
                                <ForwardRef(TouchRipple)
                                  center={false}
                                  classes={
                                    Object {
                                      "child": "MuiTouchRipple-child",
                                      "childLeaving": "MuiTouchRipple-childLeaving",
                                      "childPulsate": "MuiTouchRipple-childPulsate",
                                      "ripple": "MuiTouchRipple-ripple",
                                      "ripplePulsate": "MuiTouchRipple-ripplePulsate",
                                      "rippleVisible": "MuiTouchRipple-rippleVisible",
                                      "root": "MuiTouchRipple-root",
                                    }
                                  }
                                >
                                  <span
                                    className="MuiTouchRipple-root"
                                  >
                                    <TransitionGroup
                                      childFactory={[Function]}
                                      component={null}
                                      exit={true}
                                    />
                                  </span>
                                </ForwardRef(TouchRipple)>
                              </WithStyles(memo)>
                            </NoSsr>
                          </button>
                        </ForwardRef(ButtonBase)>
                      </WithStyles(ForwardRef(ButtonBase))>
                    </ForwardRef(Button)>
                  </WithStyles(ForwardRef(Button))>
                  <WithStyles(ForwardRef(Button))
                    aria-label="Go to page 5"
                    className="MuiButtonGroup-grouped MuiButtonGroup-groupedHorizontal MuiButtonGroup-groupedText MuiButtonGroup-groupedTextHorizontal MuiButtonGroup-groupedTextPrimary"
                    classes={
                      Object {
                        "label": "paginationLabel",
                        "root": "paginationWrapper",
                      }
                    }
                    color="primary"
                    disableFocusRipple={false}
                    disableRipple={false}
                    disabled={false}
                    fullWidth={false}
                    key=".$4"
                    onClick={[Function]}
                    size="medium"
                    variant="text"
                  >
                    <ForwardRef(Button)
                      aria-label="Go to page 5"
                      className="MuiButtonGroup-grouped MuiButtonGroup-groupedHorizontal MuiButtonGroup-groupedText MuiButtonGroup-groupedTextHorizontal MuiButtonGroup-groupedTextPrimary"
                      classes={
                        Object {
                          "colorInherit": "MuiButton-colorInherit",
                          "contained": "MuiButton-contained",
                          "containedPrimary": "MuiButton-containedPrimary",
                          "containedSecondary": "MuiButton-containedSecondary",
                          "containedSizeLarge": "MuiButton-containedSizeLarge",
                          "containedSizeSmall": "MuiButton-containedSizeSmall",
                          "disableElevation": "MuiButton-disableElevation",
                          "disabled": "Mui-disabled",
                          "endIcon": "MuiButton-endIcon",
                          "focusVisible": "Mui-focusVisible",
                          "fullWidth": "MuiButton-fullWidth",
                          "iconSizeLarge": "MuiButton-iconSizeLarge",
                          "iconSizeMedium": "MuiButton-iconSizeMedium",
                          "iconSizeSmall": "MuiButton-iconSizeSmall",
                          "label": "MuiButton-label paginationLabel",
                          "outlined": "MuiButton-outlined",
                          "outlinedPrimary": "MuiButton-outlinedPrimary",
                          "outlinedSecondary": "MuiButton-outlinedSecondary",
                          "outlinedSizeLarge": "MuiButton-outlinedSizeLarge",
                          "outlinedSizeSmall": "MuiButton-outlinedSizeSmall",
                          "root": "MuiButton-root paginationWrapper",
                          "sizeLarge": "MuiButton-sizeLarge",
                          "sizeSmall": "MuiButton-sizeSmall",
                          "startIcon": "MuiButton-startIcon",
                          "text": "MuiButton-text",
                          "textPrimary": "MuiButton-textPrimary",
                          "textSecondary": "MuiButton-textSecondary",
                          "textSizeLarge": "MuiButton-textSizeLarge",
                          "textSizeSmall": "MuiButton-textSizeSmall",
                        }
                      }
                      color="primary"
                      disableFocusRipple={false}
                      disableRipple={false}
                      disabled={false}
                      fullWidth={false}
                      onClick={[Function]}
                      size="medium"
                      variant="text"
                    >
                      <WithStyles(ForwardRef(ButtonBase))
                        aria-label="Go to page 5"
                        className="MuiButton-root paginationWrapper MuiButton-text MuiButtonGroup-grouped MuiButtonGroup-groupedHorizontal MuiButtonGroup-groupedText MuiButtonGroup-groupedTextHorizontal MuiButtonGroup-groupedTextPrimary MuiButton-textPrimary"
                        component="button"
                        disableRipple={false}
                        disabled={false}
                        focusRipple={true}
                        focusVisibleClassName="Mui-focusVisible"
                        onClick={[Function]}
                        type="button"
                      >
                        <ForwardRef(ButtonBase)
                          aria-label="Go to page 5"
                          className="MuiButton-root paginationWrapper MuiButton-text MuiButtonGroup-grouped MuiButtonGroup-groupedHorizontal MuiButtonGroup-groupedText MuiButtonGroup-groupedTextHorizontal MuiButtonGroup-groupedTextPrimary MuiButton-textPrimary"
                          classes={
                            Object {
                              "disabled": "Mui-disabled",
                              "focusVisible": "Mui-focusVisible",
                              "root": "MuiButtonBase-root",
                            }
                          }
                          component="button"
                          disableRipple={false}
                          disabled={false}
                          focusRipple={true}
                          focusVisibleClassName="Mui-focusVisible"
                          onClick={[Function]}
                          type="button"
                        >
                          <button
                            aria-label="Go to page 5"
                            className="MuiButtonBase-root MuiButton-root paginationWrapper MuiButton-text MuiButtonGroup-grouped MuiButtonGroup-groupedHorizontal MuiButtonGroup-groupedText MuiButtonGroup-groupedTextHorizontal MuiButtonGroup-groupedTextPrimary MuiButton-textPrimary"
                            disabled={false}
                            onBlur={[Function]}
                            onClick={[Function]}
                            onDragLeave={[Function]}
                            onFocus={[Function]}
                            onKeyDown={[Function]}
                            onKeyUp={[Function]}
                            onMouseDown={[Function]}
                            onMouseLeave={[Function]}
                            onMouseUp={[Function]}
                            onTouchEnd={[Function]}
                            onTouchMove={[Function]}
                            onTouchStart={[Function]}
                            tabIndex={0}
                            type="button"
                          >
                            <span
                              className="MuiButton-label paginationLabel"
                            >
                              5
                            </span>
                            <NoSsr>
                              <WithStyles(memo)
                                center={false}
                              >
                                <ForwardRef(TouchRipple)
                                  center={false}
                                  classes={
                                    Object {
                                      "child": "MuiTouchRipple-child",
                                      "childLeaving": "MuiTouchRipple-childLeaving",
                                      "childPulsate": "MuiTouchRipple-childPulsate",
                                      "ripple": "MuiTouchRipple-ripple",
                                      "ripplePulsate": "MuiTouchRipple-ripplePulsate",
                                      "rippleVisible": "MuiTouchRipple-rippleVisible",
                                      "root": "MuiTouchRipple-root",
                                    }
                                  }
                                >
                                  <span
                                    className="MuiTouchRipple-root"
                                  >
                                    <TransitionGroup
                                      childFactory={[Function]}
                                      component={null}
                                      exit={true}
                                    />
                                  </span>
                                </ForwardRef(TouchRipple)>
                              </WithStyles(memo)>
                            </NoSsr>
                          </button>
                        </ForwardRef(ButtonBase)>
                      </WithStyles(ForwardRef(ButtonBase))>
                    </ForwardRef(Button)>
                  </WithStyles(ForwardRef(Button))>
                  <WithStyles(ForwardRef(Button))
                    aria-label="Go to page 6"
                    className="MuiButtonGroup-grouped MuiButtonGroup-groupedHorizontal MuiButtonGroup-groupedText MuiButtonGroup-groupedTextHorizontal MuiButtonGroup-groupedTextPrimary"
                    classes={
                      Object {
                        "label": "paginationLabel",
                        "root": "paginationWrapper",
                      }
                    }
                    color="primary"
                    disableFocusRipple={false}
                    disableRipple={false}
                    disabled={false}
                    fullWidth={false}
                    key=".$5"
                    onClick={[Function]}
                    size="medium"
                    variant="text"
                  >
                    <ForwardRef(Button)
                      aria-label="Go to page 6"
                      className="MuiButtonGroup-grouped MuiButtonGroup-groupedHorizontal MuiButtonGroup-groupedText MuiButtonGroup-groupedTextHorizontal MuiButtonGroup-groupedTextPrimary"
                      classes={
                        Object {
                          "colorInherit": "MuiButton-colorInherit",
                          "contained": "MuiButton-contained",
                          "containedPrimary": "MuiButton-containedPrimary",
                          "containedSecondary": "MuiButton-containedSecondary",
                          "containedSizeLarge": "MuiButton-containedSizeLarge",
                          "containedSizeSmall": "MuiButton-containedSizeSmall",
                          "disableElevation": "MuiButton-disableElevation",
                          "disabled": "Mui-disabled",
                          "endIcon": "MuiButton-endIcon",
                          "focusVisible": "Mui-focusVisible",
                          "fullWidth": "MuiButton-fullWidth",
                          "iconSizeLarge": "MuiButton-iconSizeLarge",
                          "iconSizeMedium": "MuiButton-iconSizeMedium",
                          "iconSizeSmall": "MuiButton-iconSizeSmall",
                          "label": "MuiButton-label paginationLabel",
                          "outlined": "MuiButton-outlined",
                          "outlinedPrimary": "MuiButton-outlinedPrimary",
                          "outlinedSecondary": "MuiButton-outlinedSecondary",
                          "outlinedSizeLarge": "MuiButton-outlinedSizeLarge",
                          "outlinedSizeSmall": "MuiButton-outlinedSizeSmall",
                          "root": "MuiButton-root paginationWrapper",
                          "sizeLarge": "MuiButton-sizeLarge",
                          "sizeSmall": "MuiButton-sizeSmall",
                          "startIcon": "MuiButton-startIcon",
                          "text": "MuiButton-text",
                          "textPrimary": "MuiButton-textPrimary",
                          "textSecondary": "MuiButton-textSecondary",
                          "textSizeLarge": "MuiButton-textSizeLarge",
                          "textSizeSmall": "MuiButton-textSizeSmall",
                        }
                      }
                      color="primary"
                      disableFocusRipple={false}
                      disableRipple={false}
                      disabled={false}
                      fullWidth={false}
                      onClick={[Function]}
                      size="medium"
                      variant="text"
                    >
                      <WithStyles(ForwardRef(ButtonBase))
                        aria-label="Go to page 6"
                        className="MuiButton-root paginationWrapper MuiButton-text MuiButtonGroup-grouped MuiButtonGroup-groupedHorizontal MuiButtonGroup-groupedText MuiButtonGroup-groupedTextHorizontal MuiButtonGroup-groupedTextPrimary MuiButton-textPrimary"
                        component="button"
                        disableRipple={false}
                        disabled={false}
                        focusRipple={true}
                        focusVisibleClassName="Mui-focusVisible"
                        onClick={[Function]}
                        type="button"
                      >
                        <ForwardRef(ButtonBase)
                          aria-label="Go to page 6"
                          className="MuiButton-root paginationWrapper MuiButton-text MuiButtonGroup-grouped MuiButtonGroup-groupedHorizontal MuiButtonGroup-groupedText MuiButtonGroup-groupedTextHorizontal MuiButtonGroup-groupedTextPrimary MuiButton-textPrimary"
                          classes={
                            Object {
                              "disabled": "Mui-disabled",
                              "focusVisible": "Mui-focusVisible",
                              "root": "MuiButtonBase-root",
                            }
                          }
                          component="button"
                          disableRipple={false}
                          disabled={false}
                          focusRipple={true}
                          focusVisibleClassName="Mui-focusVisible"
                          onClick={[Function]}
                          type="button"
                        >
                          <button
                            aria-label="Go to page 6"
                            className="MuiButtonBase-root MuiButton-root paginationWrapper MuiButton-text MuiButtonGroup-grouped MuiButtonGroup-groupedHorizontal MuiButtonGroup-groupedText MuiButtonGroup-groupedTextHorizontal MuiButtonGroup-groupedTextPrimary MuiButton-textPrimary"
                            disabled={false}
                            onBlur={[Function]}
                            onClick={[Function]}
                            onDragLeave={[Function]}
                            onFocus={[Function]}
                            onKeyDown={[Function]}
                            onKeyUp={[Function]}
                            onMouseDown={[Function]}
                            onMouseLeave={[Function]}
                            onMouseUp={[Function]}
                            onTouchEnd={[Function]}
                            onTouchMove={[Function]}
                            onTouchStart={[Function]}
                            tabIndex={0}
                            type="button"
                          >
                            <span
                              className="MuiButton-label paginationLabel"
                            >
                              6
                            </span>
                            <NoSsr>
                              <WithStyles(memo)
                                center={false}
                              >
                                <ForwardRef(TouchRipple)
                                  center={false}
                                  classes={
                                    Object {
                                      "child": "MuiTouchRipple-child",
                                      "childLeaving": "MuiTouchRipple-childLeaving",
                                      "childPulsate": "MuiTouchRipple-childPulsate",
                                      "ripple": "MuiTouchRipple-ripple",
                                      "ripplePulsate": "MuiTouchRipple-ripplePulsate",
                                      "rippleVisible": "MuiTouchRipple-rippleVisible",
                                      "root": "MuiTouchRipple-root",
                                    }
                                  }
                                >
                                  <span
                                    className="MuiTouchRipple-root"
                                  >
                                    <TransitionGroup
                                      childFactory={[Function]}
                                      component={null}
                                      exit={true}
                                    />
                                  </span>
                                </ForwardRef(TouchRipple)>
                              </WithStyles(memo)>
                            </NoSsr>
                          </button>
                        </ForwardRef(ButtonBase)>
                      </WithStyles(ForwardRef(ButtonBase))>
                    </ForwardRef(Button)>
                  </WithStyles(ForwardRef(Button))>
                </div>
              </ForwardRef(ButtonGroup)>
            </WithStyles(ForwardRef(ButtonGroup))>
          </div>
        </PaginationNumber>
      </Router>
    </StaticRouter>
  </ThemeProvider>
</Provider>
`;
